Archive member included to satisfy reference by file (symbol)

/home/bhusal/Arjuns Workspace/STM32 Toolchain/gcc-arm/bin/../lib/gcc/arm-none-eabi/7.2.1/../../../../arm-none-eabi/lib/thumb/v7-m/libg.a(lib_a-exit.o)
                              /home/bhusal/Arjuns Workspace/STM32 Toolchain/gcc-arm/bin/../lib/gcc/arm-none-eabi/7.2.1/../../../../arm-none-eabi/lib/thumb/v7-m/crt0.o (exit)
/home/bhusal/Arjuns Workspace/STM32 Toolchain/gcc-arm/bin/../lib/gcc/arm-none-eabi/7.2.1/../../../../arm-none-eabi/lib/thumb/v7-m/libg.a(lib_a-impure.o)
                              /home/bhusal/Arjuns Workspace/STM32 Toolchain/gcc-arm/bin/../lib/gcc/arm-none-eabi/7.2.1/../../../../arm-none-eabi/lib/thumb/v7-m/libg.a(lib_a-exit.o) (_global_impure_ptr)
/home/bhusal/Arjuns Workspace/STM32 Toolchain/gcc-arm/bin/../lib/gcc/arm-none-eabi/7.2.1/../../../../arm-none-eabi/lib/thumb/v7-m/libg.a(lib_a-init.o)
                              /home/bhusal/Arjuns Workspace/STM32 Toolchain/gcc-arm/bin/../lib/gcc/arm-none-eabi/7.2.1/../../../../arm-none-eabi/lib/thumb/v7-m/crt0.o (__libc_init_array)
/home/bhusal/Arjuns Workspace/STM32 Toolchain/gcc-arm/bin/../lib/gcc/arm-none-eabi/7.2.1/../../../../arm-none-eabi/lib/thumb/v7-m/libg.a(lib_a-memset.o)
                              /home/bhusal/Arjuns Workspace/STM32 Toolchain/gcc-arm/bin/../lib/gcc/arm-none-eabi/7.2.1/../../../../arm-none-eabi/lib/thumb/v7-m/crt0.o (memset)
/home/bhusal/Arjuns Workspace/STM32 Toolchain/gcc-arm/bin/../lib/gcc/arm-none-eabi/7.2.1/../../../../arm-none-eabi/lib/thumb/v7-m/libg.a(lib_a-__call_atexit.o)
                              /home/bhusal/Arjuns Workspace/STM32 Toolchain/gcc-arm/bin/../lib/gcc/arm-none-eabi/7.2.1/../../../../arm-none-eabi/lib/thumb/v7-m/libg.a(lib_a-exit.o) (__call_exitprocs)
/home/bhusal/Arjuns Workspace/STM32 Toolchain/gcc-arm/bin/../lib/gcc/arm-none-eabi/7.2.1/../../../../arm-none-eabi/lib/thumb/v7-m/libg.a(lib_a-atexit.o)
                              /home/bhusal/Arjuns Workspace/STM32 Toolchain/gcc-arm/bin/../lib/gcc/arm-none-eabi/7.2.1/../../../../arm-none-eabi/lib/thumb/v7-m/libg.a(lib_a-__call_atexit.o) (atexit)
/home/bhusal/Arjuns Workspace/STM32 Toolchain/gcc-arm/bin/../lib/gcc/arm-none-eabi/7.2.1/../../../../arm-none-eabi/lib/thumb/v7-m/libg.a(lib_a-fini.o)
                              /home/bhusal/Arjuns Workspace/STM32 Toolchain/gcc-arm/bin/../lib/gcc/arm-none-eabi/7.2.1/../../../../arm-none-eabi/lib/thumb/v7-m/libg.a(lib_a-__call_atexit.o) (__libc_fini_array)
/home/bhusal/Arjuns Workspace/STM32 Toolchain/gcc-arm/bin/../lib/gcc/arm-none-eabi/7.2.1/../../../../arm-none-eabi/lib/thumb/v7-m/libg.a(lib_a-lock.o)
                              /home/bhusal/Arjuns Workspace/STM32 Toolchain/gcc-arm/bin/../lib/gcc/arm-none-eabi/7.2.1/../../../../arm-none-eabi/lib/thumb/v7-m/libg.a(lib_a-__call_atexit.o) (__retarget_lock_acquire_recursive)
/home/bhusal/Arjuns Workspace/STM32 Toolchain/gcc-arm/bin/../lib/gcc/arm-none-eabi/7.2.1/../../../../arm-none-eabi/lib/thumb/v7-m/libg.a(lib_a-__atexit.o)
                              /home/bhusal/Arjuns Workspace/STM32 Toolchain/gcc-arm/bin/../lib/gcc/arm-none-eabi/7.2.1/../../../../arm-none-eabi/lib/thumb/v7-m/libg.a(lib_a-atexit.o) (__register_exitproc)

Allocating common symbols
Common symbol       size              file

__lock___atexit_recursive_mutex
                    0x1               /home/bhusal/Arjuns Workspace/STM32 Toolchain/gcc-arm/bin/../lib/gcc/arm-none-eabi/7.2.1/../../../../arm-none-eabi/lib/thumb/v7-m/libg.a(lib_a-lock.o)
__lock___arc4random_mutex
                    0x1               /home/bhusal/Arjuns Workspace/STM32 Toolchain/gcc-arm/bin/../lib/gcc/arm-none-eabi/7.2.1/../../../../arm-none-eabi/lib/thumb/v7-m/libg.a(lib_a-lock.o)
__lock___env_recursive_mutex
                    0x1               /home/bhusal/Arjuns Workspace/STM32 Toolchain/gcc-arm/bin/../lib/gcc/arm-none-eabi/7.2.1/../../../../arm-none-eabi/lib/thumb/v7-m/libg.a(lib_a-lock.o)
__lock___sinit_recursive_mutex
                    0x1               /home/bhusal/Arjuns Workspace/STM32 Toolchain/gcc-arm/bin/../lib/gcc/arm-none-eabi/7.2.1/../../../../arm-none-eabi/lib/thumb/v7-m/libg.a(lib_a-lock.o)
__lock___malloc_recursive_mutex
                    0x1               /home/bhusal/Arjuns Workspace/STM32 Toolchain/gcc-arm/bin/../lib/gcc/arm-none-eabi/7.2.1/../../../../arm-none-eabi/lib/thumb/v7-m/libg.a(lib_a-lock.o)
__lock___at_quick_exit_mutex
                    0x1               /home/bhusal/Arjuns Workspace/STM32 Toolchain/gcc-arm/bin/../lib/gcc/arm-none-eabi/7.2.1/../../../../arm-none-eabi/lib/thumb/v7-m/libg.a(lib_a-lock.o)
__lock___dd_hash_mutex
                    0x1               /home/bhusal/Arjuns Workspace/STM32 Toolchain/gcc-arm/bin/../lib/gcc/arm-none-eabi/7.2.1/../../../../arm-none-eabi/lib/thumb/v7-m/libg.a(lib_a-lock.o)
__lock___tz_mutex   0x1               /home/bhusal/Arjuns Workspace/STM32 Toolchain/gcc-arm/bin/../lib/gcc/arm-none-eabi/7.2.1/../../../../arm-none-eabi/lib/thumb/v7-m/libg.a(lib_a-lock.o)
__lock___sfp_recursive_mutex
                    0x1               /home/bhusal/Arjuns Workspace/STM32 Toolchain/gcc-arm/bin/../lib/gcc/arm-none-eabi/7.2.1/../../../../arm-none-eabi/lib/thumb/v7-m/libg.a(lib_a-lock.o)

Discarded input sections

 .text          0x0000000000000000        0x0 /home/bhusal/Arjuns Workspace/STM32 Toolchain/gcc-arm/bin/../lib/gcc/arm-none-eabi/7.2.1/thumb/v7-m/crti.o
 .data          0x0000000000000000        0x0 /home/bhusal/Arjuns Workspace/STM32 Toolchain/gcc-arm/bin/../lib/gcc/arm-none-eabi/7.2.1/thumb/v7-m/crti.o
 .bss           0x0000000000000000        0x0 /home/bhusal/Arjuns Workspace/STM32 Toolchain/gcc-arm/bin/../lib/gcc/arm-none-eabi/7.2.1/thumb/v7-m/crti.o
 .data          0x0000000000000000        0x4 /home/bhusal/Arjuns Workspace/STM32 Toolchain/gcc-arm/bin/../lib/gcc/arm-none-eabi/7.2.1/thumb/v7-m/crtbegin.o
 .text          0x0000000000000000       0x74 /home/bhusal/Arjuns Workspace/STM32 Toolchain/gcc-arm/bin/../lib/gcc/arm-none-eabi/7.2.1/../../../../arm-none-eabi/lib/thumb/v7-m/crt0.o
 .data          0x0000000000000000        0x0 /home/bhusal/Arjuns Workspace/STM32 Toolchain/gcc-arm/bin/../lib/gcc/arm-none-eabi/7.2.1/../../../../arm-none-eabi/lib/thumb/v7-m/crt0.o
 .bss           0x0000000000000000        0x0 /home/bhusal/Arjuns Workspace/STM32 Toolchain/gcc-arm/bin/../lib/gcc/arm-none-eabi/7.2.1/../../../../arm-none-eabi/lib/thumb/v7-m/crt0.o
 .ARM.extab     0x0000000000000000        0x0 /home/bhusal/Arjuns Workspace/STM32 Toolchain/gcc-arm/bin/../lib/gcc/arm-none-eabi/7.2.1/../../../../arm-none-eabi/lib/thumb/v7-m/crt0.o
 .ARM.exidx     0x0000000000000000        0x8 /home/bhusal/Arjuns Workspace/STM32 Toolchain/gcc-arm/bin/../lib/gcc/arm-none-eabi/7.2.1/../../../../arm-none-eabi/lib/thumb/v7-m/crt0.o
 .ARM.attributes
                0x0000000000000000       0x1b /home/bhusal/Arjuns Workspace/STM32 Toolchain/gcc-arm/bin/../lib/gcc/arm-none-eabi/7.2.1/../../../../arm-none-eabi/lib/thumb/v7-m/crt0.o
 .text          0x0000000000000000       0x14 ./system/CMSIS/source/startup_stm32f103xb.o
 .data          0x0000000000000000        0x0 ./system/CMSIS/source/startup_stm32f103xb.o
 .bss           0x0000000000000000        0x0 ./system/CMSIS/source/startup_stm32f103xb.o
 .group         0x0000000000000000        0xc ./source/main.o
 .text          0x0000000000000000        0x0 ./source/main.o
 .data          0x0000000000000000        0x0 ./source/main.o
 .bss           0x0000000000000000        0x0 ./source/main.o
 .group         0x0000000000000000        0xc ./source/system_stm32f1xx.o
 .group         0x0000000000000000        0xc ./source/system_stm32f1xx.o
 .group         0x0000000000000000        0xc ./source/system_stm32f1xx.o
 .group         0x0000000000000000        0xc ./source/system_stm32f1xx.o
 .group         0x0000000000000000        0xc ./source/system_stm32f1xx.o
 .group         0x0000000000000000        0xc ./source/system_stm32f1xx.o
 .group         0x0000000000000000        0xc ./source/system_stm32f1xx.o
 .group         0x0000000000000000        0xc ./source/system_stm32f1xx.o
 .group         0x0000000000000000        0xc ./source/system_stm32f1xx.o
 .group         0x0000000000000000        0xc ./source/system_stm32f1xx.o
 .group         0x0000000000000000        0xc ./source/system_stm32f1xx.o
 .group         0x0000000000000000        0xc ./source/system_stm32f1xx.o
 .group         0x0000000000000000        0xc ./source/system_stm32f1xx.o
 .group         0x0000000000000000        0xc ./source/system_stm32f1xx.o
 .text          0x0000000000000000        0x0 ./source/system_stm32f1xx.o
 .data          0x0000000000000000        0x0 ./source/system_stm32f1xx.o
 .bss           0x0000000000000000        0x0 ./source/system_stm32f1xx.o
 .data.SystemCoreClock
                0x0000000000000000        0x4 ./source/system_stm32f1xx.o
 .rodata.AHBPrescTable
                0x0000000000000000       0x10 ./source/system_stm32f1xx.o
 .rodata.APBPrescTable
                0x0000000000000000        0x8 ./source/system_stm32f1xx.o
 .text.SystemCoreClockUpdate
                0x0000000000000000       0xd8 ./source/system_stm32f1xx.o
 .debug_macro   0x0000000000000000      0xa42 ./source/system_stm32f1xx.o
 .text          0x0000000000000000        0x0 /home/bhusal/Arjuns Workspace/STM32 Toolchain/gcc-arm/bin/../lib/gcc/arm-none-eabi/7.2.1/../../../../arm-none-eabi/lib/thumb/v7-m/libg.a(lib_a-exit.o)
 .data          0x0000000000000000        0x0 /home/bhusal/Arjuns Workspace/STM32 Toolchain/gcc-arm/bin/../lib/gcc/arm-none-eabi/7.2.1/../../../../arm-none-eabi/lib/thumb/v7-m/libg.a(lib_a-exit.o)
 .bss           0x0000000000000000        0x0 /home/bhusal/Arjuns Workspace/STM32 Toolchain/gcc-arm/bin/../lib/gcc/arm-none-eabi/7.2.1/../../../../arm-none-eabi/lib/thumb/v7-m/libg.a(lib_a-exit.o)
 .text.exit     0x0000000000000000       0x20 /home/bhusal/Arjuns Workspace/STM32 Toolchain/gcc-arm/bin/../lib/gcc/arm-none-eabi/7.2.1/../../../../arm-none-eabi/lib/thumb/v7-m/libg.a(lib_a-exit.o)
 .debug_frame   0x0000000000000000       0x28 /home/bhusal/Arjuns Workspace/STM32 Toolchain/gcc-arm/bin/../lib/gcc/arm-none-eabi/7.2.1/../../../../arm-none-eabi/lib/thumb/v7-m/libg.a(lib_a-exit.o)
 .ARM.attributes
                0x0000000000000000       0x2d /home/bhusal/Arjuns Workspace/STM32 Toolchain/gcc-arm/bin/../lib/gcc/arm-none-eabi/7.2.1/../../../../arm-none-eabi/lib/thumb/v7-m/libg.a(lib_a-exit.o)
 .text          0x0000000000000000        0x0 /home/bhusal/Arjuns Workspace/STM32 Toolchain/gcc-arm/bin/../lib/gcc/arm-none-eabi/7.2.1/../../../../arm-none-eabi/lib/thumb/v7-m/libg.a(lib_a-impure.o)
 .data          0x0000000000000000        0x0 /home/bhusal/Arjuns Workspace/STM32 Toolchain/gcc-arm/bin/../lib/gcc/arm-none-eabi/7.2.1/../../../../arm-none-eabi/lib/thumb/v7-m/libg.a(lib_a-impure.o)
 .bss           0x0000000000000000        0x0 /home/bhusal/Arjuns Workspace/STM32 Toolchain/gcc-arm/bin/../lib/gcc/arm-none-eabi/7.2.1/../../../../arm-none-eabi/lib/thumb/v7-m/libg.a(lib_a-impure.o)
 .data._impure_ptr
                0x0000000000000000        0x4 /home/bhusal/Arjuns Workspace/STM32 Toolchain/gcc-arm/bin/../lib/gcc/arm-none-eabi/7.2.1/../../../../arm-none-eabi/lib/thumb/v7-m/libg.a(lib_a-impure.o)
 .text          0x0000000000000000        0x0 /home/bhusal/Arjuns Workspace/STM32 Toolchain/gcc-arm/bin/../lib/gcc/arm-none-eabi/7.2.1/../../../../arm-none-eabi/lib/thumb/v7-m/libg.a(lib_a-init.o)
 .data          0x0000000000000000        0x0 /home/bhusal/Arjuns Workspace/STM32 Toolchain/gcc-arm/bin/../lib/gcc/arm-none-eabi/7.2.1/../../../../arm-none-eabi/lib/thumb/v7-m/libg.a(lib_a-init.o)
 .bss           0x0000000000000000        0x0 /home/bhusal/Arjuns Workspace/STM32 Toolchain/gcc-arm/bin/../lib/gcc/arm-none-eabi/7.2.1/../../../../arm-none-eabi/lib/thumb/v7-m/libg.a(lib_a-init.o)
 .text          0x0000000000000000        0x0 /home/bhusal/Arjuns Workspace/STM32 Toolchain/gcc-arm/bin/../lib/gcc/arm-none-eabi/7.2.1/../../../../arm-none-eabi/lib/thumb/v7-m/libg.a(lib_a-memset.o)
 .data          0x0000000000000000        0x0 /home/bhusal/Arjuns Workspace/STM32 Toolchain/gcc-arm/bin/../lib/gcc/arm-none-eabi/7.2.1/../../../../arm-none-eabi/lib/thumb/v7-m/libg.a(lib_a-memset.o)
 .bss           0x0000000000000000        0x0 /home/bhusal/Arjuns Workspace/STM32 Toolchain/gcc-arm/bin/../lib/gcc/arm-none-eabi/7.2.1/../../../../arm-none-eabi/lib/thumb/v7-m/libg.a(lib_a-memset.o)
 .text.memset   0x0000000000000000       0x94 /home/bhusal/Arjuns Workspace/STM32 Toolchain/gcc-arm/bin/../lib/gcc/arm-none-eabi/7.2.1/../../../../arm-none-eabi/lib/thumb/v7-m/libg.a(lib_a-memset.o)
 .debug_frame   0x0000000000000000       0x38 /home/bhusal/Arjuns Workspace/STM32 Toolchain/gcc-arm/bin/../lib/gcc/arm-none-eabi/7.2.1/../../../../arm-none-eabi/lib/thumb/v7-m/libg.a(lib_a-memset.o)
 .ARM.attributes
                0x0000000000000000       0x2d /home/bhusal/Arjuns Workspace/STM32 Toolchain/gcc-arm/bin/../lib/gcc/arm-none-eabi/7.2.1/../../../../arm-none-eabi/lib/thumb/v7-m/libg.a(lib_a-memset.o)
 .text          0x0000000000000000        0x0 /home/bhusal/Arjuns Workspace/STM32 Toolchain/gcc-arm/bin/../lib/gcc/arm-none-eabi/7.2.1/../../../../arm-none-eabi/lib/thumb/v7-m/libg.a(lib_a-__call_atexit.o)
 .data          0x0000000000000000        0x0 /home/bhusal/Arjuns Workspace/STM32 Toolchain/gcc-arm/bin/../lib/gcc/arm-none-eabi/7.2.1/../../../../arm-none-eabi/lib/thumb/v7-m/libg.a(lib_a-__call_atexit.o)
 .bss           0x0000000000000000        0x0 /home/bhusal/Arjuns Workspace/STM32 Toolchain/gcc-arm/bin/../lib/gcc/arm-none-eabi/7.2.1/../../../../arm-none-eabi/lib/thumb/v7-m/libg.a(lib_a-__call_atexit.o)
 .text.__call_exitprocs
                0x0000000000000000       0xe8 /home/bhusal/Arjuns Workspace/STM32 Toolchain/gcc-arm/bin/../lib/gcc/arm-none-eabi/7.2.1/../../../../arm-none-eabi/lib/thumb/v7-m/libg.a(lib_a-__call_atexit.o)
 .text          0x0000000000000000        0x0 /home/bhusal/Arjuns Workspace/STM32 Toolchain/gcc-arm/bin/../lib/gcc/arm-none-eabi/7.2.1/../../../../arm-none-eabi/lib/thumb/v7-m/libg.a(lib_a-atexit.o)
 .data          0x0000000000000000        0x0 /home/bhusal/Arjuns Workspace/STM32 Toolchain/gcc-arm/bin/../lib/gcc/arm-none-eabi/7.2.1/../../../../arm-none-eabi/lib/thumb/v7-m/libg.a(lib_a-atexit.o)
 .bss           0x0000000000000000        0x0 /home/bhusal/Arjuns Workspace/STM32 Toolchain/gcc-arm/bin/../lib/gcc/arm-none-eabi/7.2.1/../../../../arm-none-eabi/lib/thumb/v7-m/libg.a(lib_a-atexit.o)
 .text          0x0000000000000000        0x0 /home/bhusal/Arjuns Workspace/STM32 Toolchain/gcc-arm/bin/../lib/gcc/arm-none-eabi/7.2.1/../../../../arm-none-eabi/lib/thumb/v7-m/libg.a(lib_a-fini.o)
 .data          0x0000000000000000        0x0 /home/bhusal/Arjuns Workspace/STM32 Toolchain/gcc-arm/bin/../lib/gcc/arm-none-eabi/7.2.1/../../../../arm-none-eabi/lib/thumb/v7-m/libg.a(lib_a-fini.o)
 .bss           0x0000000000000000        0x0 /home/bhusal/Arjuns Workspace/STM32 Toolchain/gcc-arm/bin/../lib/gcc/arm-none-eabi/7.2.1/../../../../arm-none-eabi/lib/thumb/v7-m/libg.a(lib_a-fini.o)
 .text          0x0000000000000000        0x0 /home/bhusal/Arjuns Workspace/STM32 Toolchain/gcc-arm/bin/../lib/gcc/arm-none-eabi/7.2.1/../../../../arm-none-eabi/lib/thumb/v7-m/libg.a(lib_a-lock.o)
 .data          0x0000000000000000        0x0 /home/bhusal/Arjuns Workspace/STM32 Toolchain/gcc-arm/bin/../lib/gcc/arm-none-eabi/7.2.1/../../../../arm-none-eabi/lib/thumb/v7-m/libg.a(lib_a-lock.o)
 .bss           0x0000000000000000        0x0 /home/bhusal/Arjuns Workspace/STM32 Toolchain/gcc-arm/bin/../lib/gcc/arm-none-eabi/7.2.1/../../../../arm-none-eabi/lib/thumb/v7-m/libg.a(lib_a-lock.o)
 .text.__retarget_lock_init
                0x0000000000000000        0x4 /home/bhusal/Arjuns Workspace/STM32 Toolchain/gcc-arm/bin/../lib/gcc/arm-none-eabi/7.2.1/../../../../arm-none-eabi/lib/thumb/v7-m/libg.a(lib_a-lock.o)
 .text.__retarget_lock_init_recursive
                0x0000000000000000        0x4 /home/bhusal/Arjuns Workspace/STM32 Toolchain/gcc-arm/bin/../lib/gcc/arm-none-eabi/7.2.1/../../../../arm-none-eabi/lib/thumb/v7-m/libg.a(lib_a-lock.o)
 .text.__retarget_lock_close
                0x0000000000000000        0x4 /home/bhusal/Arjuns Workspace/STM32 Toolchain/gcc-arm/bin/../lib/gcc/arm-none-eabi/7.2.1/../../../../arm-none-eabi/lib/thumb/v7-m/libg.a(lib_a-lock.o)
 .text.__retarget_lock_close_recursive
                0x0000000000000000        0x4 /home/bhusal/Arjuns Workspace/STM32 Toolchain/gcc-arm/bin/../lib/gcc/arm-none-eabi/7.2.1/../../../../arm-none-eabi/lib/thumb/v7-m/libg.a(lib_a-lock.o)
 .text.__retarget_lock_acquire
                0x0000000000000000        0x4 /home/bhusal/Arjuns Workspace/STM32 Toolchain/gcc-arm/bin/../lib/gcc/arm-none-eabi/7.2.1/../../../../arm-none-eabi/lib/thumb/v7-m/libg.a(lib_a-lock.o)
 .text.__retarget_lock_try_acquire
                0x0000000000000000        0x4 /home/bhusal/Arjuns Workspace/STM32 Toolchain/gcc-arm/bin/../lib/gcc/arm-none-eabi/7.2.1/../../../../arm-none-eabi/lib/thumb/v7-m/libg.a(lib_a-lock.o)
 .text.__retarget_lock_try_acquire_recursive
                0x0000000000000000        0x4 /home/bhusal/Arjuns Workspace/STM32 Toolchain/gcc-arm/bin/../lib/gcc/arm-none-eabi/7.2.1/../../../../arm-none-eabi/lib/thumb/v7-m/libg.a(lib_a-lock.o)
 .text.__retarget_lock_release
                0x0000000000000000        0x4 /home/bhusal/Arjuns Workspace/STM32 Toolchain/gcc-arm/bin/../lib/gcc/arm-none-eabi/7.2.1/../../../../arm-none-eabi/lib/thumb/v7-m/libg.a(lib_a-lock.o)
 .text          0x0000000000000000        0x0 /home/bhusal/Arjuns Workspace/STM32 Toolchain/gcc-arm/bin/../lib/gcc/arm-none-eabi/7.2.1/../../../../arm-none-eabi/lib/thumb/v7-m/libg.a(lib_a-__atexit.o)
 .data          0x0000000000000000        0x0 /home/bhusal/Arjuns Workspace/STM32 Toolchain/gcc-arm/bin/../lib/gcc/arm-none-eabi/7.2.1/../../../../arm-none-eabi/lib/thumb/v7-m/libg.a(lib_a-__atexit.o)
 .bss           0x0000000000000000        0x0 /home/bhusal/Arjuns Workspace/STM32 Toolchain/gcc-arm/bin/../lib/gcc/arm-none-eabi/7.2.1/../../../../arm-none-eabi/lib/thumb/v7-m/libg.a(lib_a-__atexit.o)
 .text          0x0000000000000000        0x0 /home/bhusal/Arjuns Workspace/STM32 Toolchain/gcc-arm/bin/../lib/gcc/arm-none-eabi/7.2.1/thumb/v7-m/crtend.o
 .data          0x0000000000000000        0x0 /home/bhusal/Arjuns Workspace/STM32 Toolchain/gcc-arm/bin/../lib/gcc/arm-none-eabi/7.2.1/thumb/v7-m/crtend.o
 .bss           0x0000000000000000        0x0 /home/bhusal/Arjuns Workspace/STM32 Toolchain/gcc-arm/bin/../lib/gcc/arm-none-eabi/7.2.1/thumb/v7-m/crtend.o
 .eh_frame      0x0000000000000000        0x4 /home/bhusal/Arjuns Workspace/STM32 Toolchain/gcc-arm/bin/../lib/gcc/arm-none-eabi/7.2.1/thumb/v7-m/crtend.o
 .ARM.attributes
                0x0000000000000000       0x2d /home/bhusal/Arjuns Workspace/STM32 Toolchain/gcc-arm/bin/../lib/gcc/arm-none-eabi/7.2.1/thumb/v7-m/crtend.o
 .text          0x0000000000000000        0x0 /home/bhusal/Arjuns Workspace/STM32 Toolchain/gcc-arm/bin/../lib/gcc/arm-none-eabi/7.2.1/thumb/v7-m/crtn.o
 .data          0x0000000000000000        0x0 /home/bhusal/Arjuns Workspace/STM32 Toolchain/gcc-arm/bin/../lib/gcc/arm-none-eabi/7.2.1/thumb/v7-m/crtn.o
 .bss           0x0000000000000000        0x0 /home/bhusal/Arjuns Workspace/STM32 Toolchain/gcc-arm/bin/../lib/gcc/arm-none-eabi/7.2.1/thumb/v7-m/crtn.o

Memory Configuration

Name             Origin             Length             Attributes
RAM              0x0000000020000000 0x0000000000005000 xrw
FLASH            0x0000000008000000 0x0000000000010000 xr
*default*        0x0000000000000000 0xffffffffffffffff

Linker script and memory map

LOAD /home/bhusal/Arjuns Workspace/STM32 Toolchain/gcc-arm/bin/../lib/gcc/arm-none-eabi/7.2.1/thumb/v7-m/crti.o
LOAD /home/bhusal/Arjuns Workspace/STM32 Toolchain/gcc-arm/bin/../lib/gcc/arm-none-eabi/7.2.1/thumb/v7-m/crtbegin.o
LOAD /home/bhusal/Arjuns Workspace/STM32 Toolchain/gcc-arm/bin/../lib/gcc/arm-none-eabi/7.2.1/../../../../arm-none-eabi/lib/thumb/v7-m/crt0.o
LOAD ./system/CMSIS/source/startup_stm32f103xb.o
LOAD ./source/main.o
LOAD ./source/system_stm32f1xx.o
START GROUP
LOAD /home/bhusal/Arjuns Workspace/STM32 Toolchain/gcc-arm/bin/../lib/gcc/arm-none-eabi/7.2.1/thumb/v7-m/libgcc.a
LOAD /home/bhusal/Arjuns Workspace/STM32 Toolchain/gcc-arm/bin/../lib/gcc/arm-none-eabi/7.2.1/../../../../arm-none-eabi/lib/thumb/v7-m/libg.a
LOAD /home/bhusal/Arjuns Workspace/STM32 Toolchain/gcc-arm/bin/../lib/gcc/arm-none-eabi/7.2.1/../../../../arm-none-eabi/lib/thumb/v7-m/libc.a
END GROUP
LOAD /home/bhusal/Arjuns Workspace/STM32 Toolchain/gcc-arm/bin/../lib/gcc/arm-none-eabi/7.2.1/thumb/v7-m/crtend.o
LOAD /home/bhusal/Arjuns Workspace/STM32 Toolchain/gcc-arm/bin/../lib/gcc/arm-none-eabi/7.2.1/thumb/v7-m/crtn.o
                0x0000000020005000                _estack = 0x20005000
                0x0000000000000200                _Min_Heap_Size = 0x200
                0x0000000000000400                _Min_Stack_Size = 0x400

.isr_vector     0x0000000008000000      0x10c
                0x0000000008000000                . = ALIGN (0x4)
 *(.isr_vector)
 .isr_vector    0x0000000008000000      0x10c ./system/CMSIS/source/startup_stm32f103xb.o
                0x0000000008000000                g_pfnVectors
                0x000000000800010c                . = ALIGN (0x4)

.text           0x000000000800010c      0x27c
                0x000000000800010c                . = ALIGN (0x4)
 *(.text)
 .text          0x000000000800010c       0x40 /home/bhusal/Arjuns Workspace/STM32 Toolchain/gcc-arm/bin/../lib/gcc/arm-none-eabi/7.2.1/thumb/v7-m/crtbegin.o
 *(.text*)
 .text.Reset_Handler
                0x000000000800014c       0x48 ./system/CMSIS/source/startup_stm32f103xb.o
                0x000000000800014c                Reset_Handler
 .text.Default_Handler
                0x0000000008000194        0x2 ./system/CMSIS/source/startup_stm32f103xb.o
                0x0000000008000194                RTC_Alarm_IRQHandler
                0x0000000008000194                EXTI2_IRQHandler
                0x0000000008000194                DebugMon_Handler
                0x0000000008000194                TIM1_CC_IRQHandler
                0x0000000008000194                HardFault_Handler
                0x0000000008000194                SysTick_Handler
                0x0000000008000194                PVD_IRQHandler
                0x0000000008000194                PendSV_Handler
                0x0000000008000194                NMI_Handler
                0x0000000008000194                EXTI3_IRQHandler
                0x0000000008000194                EXTI0_IRQHandler
                0x0000000008000194                I2C2_EV_IRQHandler
                0x0000000008000194                UsageFault_Handler
                0x0000000008000194                ADC1_2_IRQHandler
                0x0000000008000194                SPI1_IRQHandler
                0x0000000008000194                TAMPER_IRQHandler
                0x0000000008000194                DMA1_Channel4_IRQHandler
                0x0000000008000194                USART3_IRQHandler
                0x0000000008000194                RTC_IRQHandler
                0x0000000008000194                DMA1_Channel7_IRQHandler
                0x0000000008000194                CAN1_RX1_IRQHandler
                0x0000000008000194                TIM4_IRQHandler
                0x0000000008000194                I2C1_EV_IRQHandler
                0x0000000008000194                DMA1_Channel6_IRQHandler
                0x0000000008000194                TIM3_IRQHandler
                0x0000000008000194                RCC_IRQHandler
                0x0000000008000194                TIM1_TRG_COM_IRQHandler
                0x0000000008000194                DMA1_Channel1_IRQHandler
                0x0000000008000194                Default_Handler
                0x0000000008000194                EXTI15_10_IRQHandler
                0x0000000008000194                EXTI9_5_IRQHandler
                0x0000000008000194                SPI2_IRQHandler
                0x0000000008000194                MemManage_Handler
                0x0000000008000194                SVC_Handler
                0x0000000008000194                DMA1_Channel5_IRQHandler
                0x0000000008000194                EXTI4_IRQHandler
                0x0000000008000194                USB_LP_CAN1_RX0_IRQHandler
                0x0000000008000194                USB_HP_CAN1_TX_IRQHandler
                0x0000000008000194                DMA1_Channel3_IRQHandler
                0x0000000008000194                TIM1_UP_IRQHandler
                0x0000000008000194                WWDG_IRQHandler
                0x0000000008000194                TIM2_IRQHandler
                0x0000000008000194                TIM1_BRK_IRQHandler
                0x0000000008000194                EXTI1_IRQHandler
                0x0000000008000194                USART2_IRQHandler
                0x0000000008000194                I2C2_ER_IRQHandler
                0x0000000008000194                DMA1_Channel2_IRQHandler
                0x0000000008000194                CAN1_SCE_IRQHandler
                0x0000000008000194                FLASH_IRQHandler
                0x0000000008000194                BusFault_Handler
                0x0000000008000194                USART1_IRQHandler
                0x0000000008000194                I2C1_ER_IRQHandler
                0x0000000008000194                USBWakeUp_IRQHandler
 .text.main     0x0000000008000196        0xc ./source/main.o
                0x0000000008000196                main
 *fill*         0x00000000080001a2        0x2 
 .text.SystemInit
                0x00000000080001a4       0x68 ./source/system_stm32f1xx.o
                0x00000000080001a4                SystemInit
 .text.__libc_init_array
                0x000000000800020c       0x48 /home/bhusal/Arjuns Workspace/STM32 Toolchain/gcc-arm/bin/../lib/gcc/arm-none-eabi/7.2.1/../../../../arm-none-eabi/lib/thumb/v7-m/libg.a(lib_a-init.o)
                0x000000000800020c                __libc_init_array
 .text.startup.register_fini
                0x0000000008000254       0x14 /home/bhusal/Arjuns Workspace/STM32 Toolchain/gcc-arm/bin/../lib/gcc/arm-none-eabi/7.2.1/../../../../arm-none-eabi/lib/thumb/v7-m/libg.a(lib_a-__call_atexit.o)
 .text.atexit   0x0000000008000268        0xc /home/bhusal/Arjuns Workspace/STM32 Toolchain/gcc-arm/bin/../lib/gcc/arm-none-eabi/7.2.1/../../../../arm-none-eabi/lib/thumb/v7-m/libg.a(lib_a-atexit.o)
                0x0000000008000268                atexit
 .text.__libc_fini_array
                0x0000000008000274       0x34 /home/bhusal/Arjuns Workspace/STM32 Toolchain/gcc-arm/bin/../lib/gcc/arm-none-eabi/7.2.1/../../../../arm-none-eabi/lib/thumb/v7-m/libg.a(lib_a-fini.o)
                0x0000000008000274                __libc_fini_array
 .text.__retarget_lock_acquire_recursive
                0x00000000080002a8        0x4 /home/bhusal/Arjuns Workspace/STM32 Toolchain/gcc-arm/bin/../lib/gcc/arm-none-eabi/7.2.1/../../../../arm-none-eabi/lib/thumb/v7-m/libg.a(lib_a-lock.o)
                0x00000000080002a8                __retarget_lock_acquire_recursive
 .text.__retarget_lock_release_recursive
                0x00000000080002ac        0x4 /home/bhusal/Arjuns Workspace/STM32 Toolchain/gcc-arm/bin/../lib/gcc/arm-none-eabi/7.2.1/../../../../arm-none-eabi/lib/thumb/v7-m/libg.a(lib_a-lock.o)
                0x00000000080002ac                __retarget_lock_release_recursive
 .text.__register_exitproc
                0x00000000080002b0       0xc0 /home/bhusal/Arjuns Workspace/STM32 Toolchain/gcc-arm/bin/../lib/gcc/arm-none-eabi/7.2.1/../../../../arm-none-eabi/lib/thumb/v7-m/libg.a(lib_a-__atexit.o)
                0x00000000080002b0                __register_exitproc
 *(.glue_7)
 .glue_7        0x0000000008000370        0x0 linker stubs
 *(.glue_7t)
 .glue_7t       0x0000000008000370        0x0 linker stubs
 *(.eh_frame)
 .eh_frame      0x0000000008000370        0x0 /home/bhusal/Arjuns Workspace/STM32 Toolchain/gcc-arm/bin/../lib/gcc/arm-none-eabi/7.2.1/thumb/v7-m/crtbegin.o
 *(.init)
 .init          0x0000000008000370        0x4 /home/bhusal/Arjuns Workspace/STM32 Toolchain/gcc-arm/bin/../lib/gcc/arm-none-eabi/7.2.1/thumb/v7-m/crti.o
                0x0000000008000370                _init
 .init          0x0000000008000374        0x8 /home/bhusal/Arjuns Workspace/STM32 Toolchain/gcc-arm/bin/../lib/gcc/arm-none-eabi/7.2.1/thumb/v7-m/crtn.o
 *(.fini)
 .fini          0x000000000800037c        0x4 /home/bhusal/Arjuns Workspace/STM32 Toolchain/gcc-arm/bin/../lib/gcc/arm-none-eabi/7.2.1/thumb/v7-m/crti.o
                0x000000000800037c                _fini
 .fini          0x0000000008000380        0x8 /home/bhusal/Arjuns Workspace/STM32 Toolchain/gcc-arm/bin/../lib/gcc/arm-none-eabi/7.2.1/thumb/v7-m/crtn.o
                0x0000000008000388                . = ALIGN (0x4)
                0x0000000008000388                _etext = .

.vfp11_veneer   0x0000000008000388        0x0
 .vfp11_veneer  0x0000000008000388        0x0 linker stubs

.v4_bx          0x0000000008000388        0x0
 .v4_bx         0x0000000008000388        0x0 linker stubs

.iplt           0x0000000008000388        0x0
 .iplt          0x0000000008000388        0x0 /home/bhusal/Arjuns Workspace/STM32 Toolchain/gcc-arm/bin/../lib/gcc/arm-none-eabi/7.2.1/thumb/v7-m/crtbegin.o

.rodata         0x0000000008000388        0x4
                0x0000000008000388                . = ALIGN (0x4)
 *(.rodata)
 *(.rodata*)
 .rodata._global_impure_ptr
                0x0000000008000388        0x4 /home/bhusal/Arjuns Workspace/STM32 Toolchain/gcc-arm/bin/../lib/gcc/arm-none-eabi/7.2.1/../../../../arm-none-eabi/lib/thumb/v7-m/libg.a(lib_a-impure.o)
                0x0000000008000388                _global_impure_ptr
                0x000000000800038c                . = ALIGN (0x4)

.rel.dyn        0x000000000800038c        0x0
 .rel.iplt      0x000000000800038c        0x0 /home/bhusal/Arjuns Workspace/STM32 Toolchain/gcc-arm/bin/../lib/gcc/arm-none-eabi/7.2.1/thumb/v7-m/crtbegin.o

.ARM.extab
 *(.ARM.extab* .gnu.linkonce.armextab.*)

.ARM            0x000000000800038c        0x0
                0x000000000800038c                __exidx_start = .
 *(.ARM.exidx*)
                0x000000000800038c                __exidx_end = .

.preinit_array  0x000000000800038c        0x0
                0x000000000800038c                PROVIDE (__preinit_array_start, .)
 *(.preinit_array*)
                0x000000000800038c                PROVIDE (__preinit_array_end, .)

.init_array     0x000000000800038c        0x8
                0x000000000800038c                PROVIDE (__init_array_start, .)
 *(SORT_BY_NAME(.init_array.*))
 .init_array.00000
                0x000000000800038c        0x4 /home/bhusal/Arjuns Workspace/STM32 Toolchain/gcc-arm/bin/../lib/gcc/arm-none-eabi/7.2.1/../../../../arm-none-eabi/lib/thumb/v7-m/libg.a(lib_a-__call_atexit.o)
 *(.init_array*)
 .init_array    0x0000000008000390        0x4 /home/bhusal/Arjuns Workspace/STM32 Toolchain/gcc-arm/bin/../lib/gcc/arm-none-eabi/7.2.1/thumb/v7-m/crtbegin.o
                0x0000000008000394                PROVIDE (__init_array_end, .)

.fini_array     0x0000000008000394        0x4
                0x0000000008000394                PROVIDE (__fini_array_start, .)
 *(SORT_BY_NAME(.fini_array.*))
 *(.fini_array*)
 .fini_array    0x0000000008000394        0x4 /home/bhusal/Arjuns Workspace/STM32 Toolchain/gcc-arm/bin/../lib/gcc/arm-none-eabi/7.2.1/thumb/v7-m/crtbegin.o
                0x0000000008000398                PROVIDE (__fini_array_end, .)
                0x0000000008000398                _sidata = LOADADDR (.data)

.data           0x0000000020000000      0x42c load address 0x0000000008000398
                0x0000000020000000                . = ALIGN (0x4)
                0x0000000020000000                _sdata = .
 *(.data)
 *(.data*)
 .data.impure_data
                0x0000000020000000      0x428 /home/bhusal/Arjuns Workspace/STM32 Toolchain/gcc-arm/bin/../lib/gcc/arm-none-eabi/7.2.1/../../../../arm-none-eabi/lib/thumb/v7-m/libg.a(lib_a-impure.o)
 .data.__atexit_recursive_mutex
                0x0000000020000428        0x4 /home/bhusal/Arjuns Workspace/STM32 Toolchain/gcc-arm/bin/../lib/gcc/arm-none-eabi/7.2.1/../../../../arm-none-eabi/lib/thumb/v7-m/libg.a(lib_a-__call_atexit.o)
                0x0000000020000428                __atexit_recursive_mutex
                0x000000002000042c                . = ALIGN (0x4)
                0x000000002000042c                _edata = .

.igot.plt       0x000000002000042c        0x0 load address 0x00000000080007c4
 .igot.plt      0x000000002000042c        0x0 /home/bhusal/Arjuns Workspace/STM32 Toolchain/gcc-arm/bin/../lib/gcc/arm-none-eabi/7.2.1/thumb/v7-m/crtbegin.o
                0x000000002000042c                . = ALIGN (0x4)

.bss            0x000000002000042c       0x40 load address 0x00000000080007c4
                0x000000002000042c                _sbss = .
                0x000000002000042c                __bss_start__ = _sbss
 *(.bss)
 .bss           0x000000002000042c       0x1c /home/bhusal/Arjuns Workspace/STM32 Toolchain/gcc-arm/bin/../lib/gcc/arm-none-eabi/7.2.1/thumb/v7-m/crtbegin.o
 *(.bss*)
 *(COMMON)
 COMMON         0x0000000020000448       0x21 /home/bhusal/Arjuns Workspace/STM32 Toolchain/gcc-arm/bin/../lib/gcc/arm-none-eabi/7.2.1/../../../../arm-none-eabi/lib/thumb/v7-m/libg.a(lib_a-lock.o)
                0x0000000020000448                __lock___atexit_recursive_mutex
                0x000000002000044c                __lock___arc4random_mutex
                0x0000000020000450                __lock___env_recursive_mutex
                0x0000000020000454                __lock___sinit_recursive_mutex
                0x0000000020000458                __lock___malloc_recursive_mutex
                0x000000002000045c                __lock___at_quick_exit_mutex
                0x0000000020000460                __lock___dd_hash_mutex
                0x0000000020000464                __lock___tz_mutex
                0x0000000020000468                __lock___sfp_recursive_mutex
                0x000000002000046c                . = ALIGN (0x4)
 *fill*         0x0000000020000469        0x3 
                0x000000002000046c                _ebss = .
                0x000000002000046c                __bss_end__ = _ebss

._user_heap_stack
                0x000000002000046c      0x604 load address 0x00000000080007c4
                0x0000000020000470                . = ALIGN (0x8)
 *fill*         0x000000002000046c        0x4 
                [!provide]                        PROVIDE (end, .)
                [!provide]                        PROVIDE (_end, .)
                0x0000000020000670                . = (. + _Min_Heap_Size)
 *fill*         0x0000000020000470      0x200 
                0x0000000020000a70                . = (. + _Min_Stack_Size)
 *fill*         0x0000000020000670      0x400 
                0x0000000020000a70                . = ALIGN (0x8)

/DISCARD/
 libc.a(*)
 libm.a(*)
 libgcc.a(*)

.ARM.attributes
                0x0000000000000000       0x29
 *(.ARM.attributes)
 .ARM.attributes
                0x0000000000000000       0x1d /home/bhusal/Arjuns Workspace/STM32 Toolchain/gcc-arm/bin/../lib/gcc/arm-none-eabi/7.2.1/thumb/v7-m/crti.o
 .ARM.attributes
                0x000000000000001d       0x2d /home/bhusal/Arjuns Workspace/STM32 Toolchain/gcc-arm/bin/../lib/gcc/arm-none-eabi/7.2.1/thumb/v7-m/crtbegin.o
 .ARM.attributes
                0x000000000000004a       0x21 ./system/CMSIS/source/startup_stm32f103xb.o
 .ARM.attributes
                0x000000000000006b       0x33 ./source/main.o
 .ARM.attributes
                0x000000000000009e       0x33 ./source/system_stm32f1xx.o
 .ARM.attributes
                0x00000000000000d1       0x2d /home/bhusal/Arjuns Workspace/STM32 Toolchain/gcc-arm/bin/../lib/gcc/arm-none-eabi/7.2.1/../../../../arm-none-eabi/lib/thumb/v7-m/libg.a(lib_a-impure.o)
 .ARM.attributes
                0x00000000000000fe       0x2d /home/bhusal/Arjuns Workspace/STM32 Toolchain/gcc-arm/bin/../lib/gcc/arm-none-eabi/7.2.1/../../../../arm-none-eabi/lib/thumb/v7-m/libg.a(lib_a-init.o)
 .ARM.attributes
                0x000000000000012b       0x2d /home/bhusal/Arjuns Workspace/STM32 Toolchain/gcc-arm/bin/../lib/gcc/arm-none-eabi/7.2.1/../../../../arm-none-eabi/lib/thumb/v7-m/libg.a(lib_a-__call_atexit.o)
 .ARM.attributes
                0x0000000000000158       0x2d /home/bhusal/Arjuns Workspace/STM32 Toolchain/gcc-arm/bin/../lib/gcc/arm-none-eabi/7.2.1/../../../../arm-none-eabi/lib/thumb/v7-m/libg.a(lib_a-atexit.o)
 .ARM.attributes
                0x0000000000000185       0x2d /home/bhusal/Arjuns Workspace/STM32 Toolchain/gcc-arm/bin/../lib/gcc/arm-none-eabi/7.2.1/../../../../arm-none-eabi/lib/thumb/v7-m/libg.a(lib_a-fini.o)
 .ARM.attributes
                0x00000000000001b2       0x2d /home/bhusal/Arjuns Workspace/STM32 Toolchain/gcc-arm/bin/../lib/gcc/arm-none-eabi/7.2.1/../../../../arm-none-eabi/lib/thumb/v7-m/libg.a(lib_a-lock.o)
 .ARM.attributes
                0x00000000000001df       0x2d /home/bhusal/Arjuns Workspace/STM32 Toolchain/gcc-arm/bin/../lib/gcc/arm-none-eabi/7.2.1/../../../../arm-none-eabi/lib/thumb/v7-m/libg.a(lib_a-__atexit.o)
 .ARM.attributes
                0x000000000000020c       0x1d /home/bhusal/Arjuns Workspace/STM32 Toolchain/gcc-arm/bin/../lib/gcc/arm-none-eabi/7.2.1/thumb/v7-m/crtn.o
OUTPUT(Motor_Control.elf elf32-littlearm)

.debug_line     0x0000000000000000      0x475
 .debug_line    0x0000000000000000       0x89 ./system/CMSIS/source/startup_stm32f103xb.o
 .debug_line    0x0000000000000089       0x3f ./source/main.o
 .debug_line    0x00000000000000c8      0x3ad ./source/system_stm32f1xx.o

.debug_info     0x0000000000000000      0x446
 .debug_info    0x0000000000000000       0x22 ./system/CMSIS/source/startup_stm32f103xb.o
 .debug_info    0x0000000000000022       0x3b ./source/main.o
 .debug_info    0x000000000000005d      0x3e9 ./source/system_stm32f1xx.o

.debug_abbrev   0x0000000000000000      0x173
 .debug_abbrev  0x0000000000000000       0x12 ./system/CMSIS/source/startup_stm32f103xb.o
 .debug_abbrev  0x0000000000000012       0x2d ./source/main.o
 .debug_abbrev  0x000000000000003f      0x134 ./source/system_stm32f1xx.o

.debug_aranges  0x0000000000000000       0x70
 .debug_aranges
                0x0000000000000000       0x28 ./system/CMSIS/source/startup_stm32f103xb.o
 .debug_aranges
                0x0000000000000028       0x20 ./source/main.o
 .debug_aranges
                0x0000000000000048       0x28 ./source/system_stm32f1xx.o

.debug_str      0x0000000000000000    0x55923
 .debug_str     0x0000000000000000      0x125 ./system/CMSIS/source/startup_stm32f103xb.o
 .debug_str     0x0000000000000125     0x2c5b ./source/main.o
                                       0x2d44 (size before relaxing)
 .debug_str     0x0000000000002d80    0x52ba3 ./source/system_stm32f1xx.o
                                      0x55b03 (size before relaxing)

.debug_ranges   0x0000000000000000       0x48
 .debug_ranges  0x0000000000000000       0x20 ./system/CMSIS/source/startup_stm32f103xb.o
 .debug_ranges  0x0000000000000020       0x10 ./source/main.o
 .debug_ranges  0x0000000000000030       0x18 ./source/system_stm32f1xx.o

.debug_macro    0x0000000000000000    0x104ef
 .debug_macro   0x0000000000000000       0x11 ./source/main.o
 .debug_macro   0x0000000000000011      0xa42 ./source/main.o
 .debug_macro   0x0000000000000a53       0xd1 ./source/system_stm32f1xx.o
 .debug_macro   0x0000000000000b24       0x34 ./source/system_stm32f1xx.o
 .debug_macro   0x0000000000000b58       0x22 ./source/system_stm32f1xx.o
 .debug_macro   0x0000000000000b7a       0x22 ./source/system_stm32f1xx.o
 .debug_macro   0x0000000000000b9c       0x87 ./source/system_stm32f1xx.o
 .debug_macro   0x0000000000000c23       0x51 ./source/system_stm32f1xx.o
 .debug_macro   0x0000000000000c74       0xef ./source/system_stm32f1xx.o
 .debug_macro   0x0000000000000d63       0x6a ./source/system_stm32f1xx.o
 .debug_macro   0x0000000000000dcd      0x1df ./source/system_stm32f1xx.o
 .debug_macro   0x0000000000000fac       0x34 ./source/system_stm32f1xx.o
 .debug_macro   0x0000000000000fe0       0x34 ./source/system_stm32f1xx.o
 .debug_macro   0x0000000000001014      0xb8e ./source/system_stm32f1xx.o
 .debug_macro   0x0000000000001ba2     0xe90a ./source/system_stm32f1xx.o
 .debug_macro   0x00000000000104ac       0x43 ./source/system_stm32f1xx.o

.comment        0x0000000000000000       0x7e
 .comment       0x0000000000000000       0x7e ./source/main.o
                                         0x7f (size before relaxing)
 .comment       0x000000000000007e       0x7f ./source/system_stm32f1xx.o

.debug_frame    0x0000000000000000      0x248
 .debug_frame   0x0000000000000000       0x30 ./source/main.o
 .debug_frame   0x0000000000000030       0x58 ./source/system_stm32f1xx.o
 .debug_frame   0x0000000000000088       0x2c /home/bhusal/Arjuns Workspace/STM32 Toolchain/gcc-arm/bin/../lib/gcc/arm-none-eabi/7.2.1/../../../../arm-none-eabi/lib/thumb/v7-m/libg.a(lib_a-init.o)
 .debug_frame   0x00000000000000b4       0x5c /home/bhusal/Arjuns Workspace/STM32 Toolchain/gcc-arm/bin/../lib/gcc/arm-none-eabi/7.2.1/../../../../arm-none-eabi/lib/thumb/v7-m/libg.a(lib_a-__call_atexit.o)
 .debug_frame   0x0000000000000110       0x20 /home/bhusal/Arjuns Workspace/STM32 Toolchain/gcc-arm/bin/../lib/gcc/arm-none-eabi/7.2.1/../../../../arm-none-eabi/lib/thumb/v7-m/libg.a(lib_a-atexit.o)
 .debug_frame   0x0000000000000130       0x34 /home/bhusal/Arjuns Workspace/STM32 Toolchain/gcc-arm/bin/../lib/gcc/arm-none-eabi/7.2.1/../../../../arm-none-eabi/lib/thumb/v7-m/libg.a(lib_a-fini.o)
 .debug_frame   0x0000000000000164       0xb0 /home/bhusal/Arjuns Workspace/STM32 Toolchain/gcc-arm/bin/../lib/gcc/arm-none-eabi/7.2.1/../../../../arm-none-eabi/lib/thumb/v7-m/libg.a(lib_a-lock.o)
 .debug_frame   0x0000000000000214       0x34 /home/bhusal/Arjuns Workspace/STM32 Toolchain/gcc-arm/bin/../lib/gcc/arm-none-eabi/7.2.1/../../../../arm-none-eabi/lib/thumb/v7-m/libg.a(lib_a-__atexit.o)
